.''$k$9'/A